// Vitest Snapshot v1, https://vitest.dev/guide/snapshot.html

exports[`TeamsPage > renders team membership and workspaces 1`] = `
<DocumentFragment>
  <section
    class="space-y-6"
  >
    <div
      class="space-y-2"
    >
      <h1
        class="text-3xl font-bold"
      >
        Teams
      </h1>
      <p
        class="text-muted-foreground"
      >
        Review membership and shared workspaces for the teams you belong to.
      </p>
    </div>
    <div
      class="space-y-6"
    >
      <article
        class="rounded-lg border bg-card text-card-foreground shadow-sm"
      >
        <header
          class="flex flex-col gap-4 border-b px-6 py-5 sm:flex-row sm:items-center sm:justify-between"
        >
          <div>
            <h2
              class="text-xl font-semibold"
            >
              Prompt Builders
            </h2>
            <p
              class="text-sm text-muted-foreground"
            >
              2 members
            </p>
          </div>
          <span
            class="inline-flex items-center rounded-full bg-primary/10 px-3 py-1 text-xs font-medium uppercase tracking-wide text-primary"
          >
            Pro
          </span>
        </header>
        <div
          class="border-b px-6 py-4"
        >
          <div
            class="space-y-2 rounded-md border p-4 text-sm border-emerald-200 bg-emerald-50 text-emerald-900"
            data-seat-status="available"
            data-testid="team-plan-usage-banner"
          >
            <div
              class="flex flex-col gap-1 sm:flex-row sm:items-center sm:justify-between"
            >
              <p
                class="font-medium"
              >
                Seats available
              </p>
              <p
                class="text-xs uppercase tracking-wide text-muted-foreground/80"
              >
                Plan: Pro
              </p>
            </div>
            <p>
              This team is using 2 of 5 member seats.
            </p>
          </div>
        </div>
        <div
          class="grid gap-6 px-6 py-5 md:grid-cols-2"
        >
          <section
            aria-label="Prompt Builders members"
            class="space-y-4"
          >
            <div
              class="space-y-2"
            >
              <h3
                class="text-sm font-semibold uppercase text-muted-foreground"
              >
                Members
              </h3>
              <div
                class="flex flex-col gap-4 sm:flex-row sm:items-end sm:justify-between"
              >
                <div
                  class="flex w-full flex-col gap-2 sm:max-w-xs"
                >
                  <label
                    class="text-sm font-medium"
                    for=":r3:"
                  >
                    Search members
                  </label>
                  <input
                    class="flex h-10 w-full rounded-md border border-input bg-transparent px-3 py-2 text-sm ring-offset-background file:border-0 file:bg-transparent file:text-sm file:font-medium placeholder:text-muted-foreground focus-visible:outline-none focus-visible:ring-2 focus-visible:ring-ring focus-visible:ring-offset-2 disabled:cursor-not-allowed disabled:opacity-50"
                    id=":r3:"
                    placeholder="Search by name or email"
                    type="search"
                    value=""
                  />
                </div>
                <div
                  class="flex w-full flex-col gap-2 sm:max-w-xs"
                >
                  <label
                    class="text-sm font-medium"
                    for=":r4:"
                  >
                    Filter by role
                  </label>
                  <select
                    class="flex h-10 w-full rounded-md border border-input bg-background px-3 py-2 text-sm ring-offset-background focus:outline-none focus:ring-2 focus:ring-ring focus:ring-offset-2 disabled:cursor-not-allowed disabled:opacity-50"
                    id=":r4:"
                  >
                    <option
                      value="all"
                    >
                      All roles
                    </option>
                    <option
                      value="admin"
                    >
                      Admin
                    </option>
                    <option
                      value="editor"
                    >
                      Editor
                    </option>
                  </select>
                </div>
              </div>
            </div>
            <ul
              class="space-y-3"
            >
              <li
                class="flex flex-col gap-3 rounded-md border p-3 sm:flex-row sm:items-center sm:justify-between"
              >
                <div>
                  <p
                    class="font-medium"
                  >
                    Team Owner
                  </p>
                  <p
                    class="text-sm text-muted-foreground"
                  >
                    team.owner@example.com
                  </p>
                </div>
                <div
                  class="flex flex-col items-stretch gap-2 sm:flex-row sm:items-center sm:gap-3"
                >
                  <div
                    class="flex flex-col gap-1 text-left sm:text-right"
                  >
                    <label
                      class="sr-only"
                      for=":r5:"
                    >
                      Role
                    </label>
                    <select
                      aria-label="Role"
                      class="h-9 rounded-md border border-input bg-background px-2 text-sm shadow-sm focus-visible:outline-none focus-visible:ring-1 focus-visible:ring-ring disabled:cursor-not-allowed disabled:opacity-50"
                      id=":r5:"
                    >
                      <option
                        disabled=""
                        value="viewer"
                      >
                        Viewer
                      </option>
                      <option
                        disabled=""
                        value="editor"
                      >
                        Editor
                      </option>
                      <option
                        value="admin"
                      >
                        Admin
                      </option>
                    </select>
                  </div>
                  <button
                    class="inline-flex items-center justify-center whitespace-nowrap text-sm font-medium transition-colors focus-visible:outline-none focus-visible:ring-2 focus-visible:ring-ring focus-visible:ring-offset-2 disabled:pointer-events-none disabled:opacity-50 border border-input bg-background hover:bg-accent hover:text-accent-foreground h-9 rounded-md px-3"
                  >
                    Leave team
                  </button>
                </div>
              </li>
              <li
                class="flex flex-col gap-3 rounded-md border p-3 sm:flex-row sm:items-center sm:justify-between"
              >
                <div>
                  <p
                    class="font-medium"
                  >
                    Team Editor
                  </p>
                  <p
                    class="text-sm text-muted-foreground"
                  >
                    team.editor@example.com
                  </p>
                </div>
                <div
                  class="flex flex-col items-stretch gap-2 sm:flex-row sm:items-center sm:gap-3"
                >
                  <div
                    class="flex flex-col gap-1 text-left sm:text-right"
                  >
                    <label
                      class="sr-only"
                      for=":ra:"
                    >
                      Role
                    </label>
                    <select
                      aria-label="Role"
                      class="h-9 rounded-md border border-input bg-background px-2 text-sm shadow-sm focus-visible:outline-none focus-visible:ring-1 focus-visible:ring-ring disabled:cursor-not-allowed disabled:opacity-50"
                      id=":ra:"
                    >
                      <option
                        value="viewer"
                      >
                        Viewer
                      </option>
                      <option
                        value="editor"
                      >
                        Editor
                      </option>
                      <option
                        value="admin"
                      >
                        Admin
                      </option>
                    </select>
                  </div>
                  <button
                    class="inline-flex items-center justify-center whitespace-nowrap text-sm font-medium transition-colors focus-visible:outline-none focus-visible:ring-2 focus-visible:ring-ring focus-visible:ring-offset-2 disabled:pointer-events-none disabled:opacity-50 border border-input bg-background hover:bg-accent hover:text-accent-foreground h-9 rounded-md px-3"
                  >
                    Remove member
                  </button>
                </div>
              </li>
            </ul>
            <div
              class="space-y-4 rounded-md border p-4"
            >
              <div
                class="space-y-1"
              >
                <h3
                  class="text-sm font-semibold uppercase text-muted-foreground"
                >
                  Invite members
                </h3>
                <p
                  class="text-sm text-muted-foreground"
                >
                  Add teammates by email and choose the role they will have when they join. You can update it later from the member list.
                </p>
              </div>
              <p
                class="text-sm text-muted-foreground"
              >
                This team is using 2 of 5 member seats.
              </p>
              <form
                class="space-y-4"
                novalidate=""
              >
                <div
                  class="space-y-2"
                >
                  <label
                    class="text-sm font-medium"
                    for=":rf:"
                  >
                    Email address
                  </label>
                  <input
                    aria-describedby=":rf:-error"
                    autocomplete="email"
                    class="flex h-10 w-full rounded-md border border-input bg-transparent px-3 py-2 text-sm ring-offset-background file:border-0 file:bg-transparent file:text-sm file:font-medium placeholder:text-muted-foreground focus-visible:outline-none focus-visible:ring-2 focus-visible:ring-ring focus-visible:ring-offset-2 disabled:cursor-not-allowed disabled:opacity-50"
                    id=":rf:"
                    name="email"
                    placeholder="teammate@example.com"
                    type="email"
                  />
                  <p
                    class="text-xs text-destructive"
                    id=":rf:-error"
                  >
                    Email is required.
                  </p>
                </div>
                <div
                  class="space-y-2"
                >
                  <label
                    class="text-sm font-medium"
                    for=":rg:"
                  >
                    Role
                  </label>
                  <select
                    class="w-full rounded-md border border-input bg-background px-3 py-2 text-sm shadow-sm focus:border-primary focus:outline-none focus:ring-2 focus:ring-primary/20 sm:w-auto"
                    id=":rg:"
                    name="role"
                  >
                    <option
                      value="viewer"
                    >
                      Viewer
                    </option>
                    <option
                      value="editor"
                    >
                      Editor
                    </option>
                    <option
                      value="admin"
                    >
                      Admin
                    </option>
                  </select>
                  <p
                    class="text-xs text-muted-foreground"
                  >
                    They'll be invited as 
                    <span
                      class="rounded-full bg-muted px-2 py-0.5 font-medium text-foreground"
                    >
                      Viewer
                    </span>
                    .
                  </p>
                </div>
                <button
                  class="inline-flex items-center justify-center whitespace-nowrap rounded-md text-sm font-medium transition-colors focus-visible:outline-none focus-visible:ring-2 focus-visible:ring-ring focus-visible:ring-offset-2 disabled:pointer-events-none disabled:opacity-50 bg-primary text-primary-foreground hover:bg-primary/90 h-10 px-4 py-2 w-full sm:w-auto"
                  type="submit"
                >
                  Send invite
                </button>
              </form>
            </div>
          </section>
          <section
            aria-label="Prompt Builders shared workspaces"
            class="space-y-3"
          >
            <h3
              class="text-sm font-semibold uppercase text-muted-foreground"
            >
              Shared workspaces
            </h3>
            <ul
              class="space-y-3"
            >
              <li
                class="rounded-md border p-3"
              >
                <p
                  class="font-medium"
                >
                  Prompt Builders HQ
                </p>
                <p
                  class="text-sm text-muted-foreground"
                >
                  Team workspace
                </p>
              </li>
            </ul>
          </section>
        </div>
      </article>
    </div>
  </section>
</DocumentFragment>
`;
