// Vitest Snapshot v1, https://vitest.dev/guide/snapshot.html

exports[`TeamsPage > renders team membership and workspaces 1`] = `
<DocumentFragment>
  <section
    class="space-y-6"
  >
    <div
      class="space-y-2"
    >
      <h1
        class="text-3xl font-bold"
      >
        Teams
      </h1>
      <p
        class="text-muted-foreground"
      >
        Review membership and shared workspaces for the teams you belong to.
      </p>
    </div>
    <div
      class="space-y-6"
    >
      <article
        class="rounded-lg border bg-card text-card-foreground shadow-sm"
      >
        <header
          class="flex flex-col gap-4 border-b px-6 py-5 sm:flex-row sm:items-center sm:justify-between"
        >
          <div>
            <h2
              class="text-xl font-semibold"
            >
              Prompt Builders
            </h2>
            <p
              class="text-sm text-muted-foreground"
            >
              2 members
            </p>
          </div>
          <span
            class="inline-flex items-center rounded-full bg-primary/10 px-3 py-1 text-xs font-medium uppercase tracking-wide text-primary"
          >
            Pro
          </span>
        </header>
        <div
          class="grid gap-6 px-6 py-5 md:grid-cols-2"
        >
          <section
            aria-label="Prompt Builders members"
            class="space-y-3"
          >
            <h3
              class="text-sm font-semibold uppercase text-muted-foreground"
            >
              Members
            </h3>
            <ul
              class="space-y-3"
            >
              <li
                class="flex flex-col gap-3 rounded-md border p-3 sm:flex-row sm:items-center sm:justify-between"
              >
                <div>
                  <p
                    class="font-medium"
                  >
                    Team Owner
                  </p>
                  <p
                    class="text-sm text-muted-foreground"
                  >
                    team.owner@example.com
                  </p>
                </div>
                <div
                  class="flex flex-col items-stretch gap-2 sm:flex-row sm:items-center sm:gap-3"
                >
                  <div
                    class="flex flex-col gap-1 text-left sm:text-right"
                  >
                    <label
                      class="sr-only"
                      for=":r0:"
                    >
                      Role
                    </label>
                    <select
                      aria-label="Role"
                      class="h-9 rounded-md border border-input bg-background px-2 text-sm shadow-sm focus-visible:outline-none focus-visible:ring-1 focus-visible:ring-ring disabled:cursor-not-allowed disabled:opacity-50"
                      id=":r0:"
                    >
                      <option
                        disabled=""
                        value="viewer"
                      >
                        Viewer
                      </option>
                      <option
                        disabled=""
                        value="editor"
                      >
                        Editor
                      </option>
                      <option
                        value="admin"
                      >
                        Admin
                      </option>
                    </select>
                  </div>
                  <button
                    class="inline-flex items-center justify-center whitespace-nowrap text-sm font-medium transition-colors focus-visible:outline-none focus-visible:ring-2 focus-visible:ring-ring focus-visible:ring-offset-2 disabled:pointer-events-none disabled:opacity-50 border border-input bg-background hover:bg-accent hover:text-accent-foreground h-9 rounded-md px-3"
                  >
                    Leave team
                  </button>
                </div>
              </li>
              <li
                class="flex flex-col gap-3 rounded-md border p-3 sm:flex-row sm:items-center sm:justify-between"
              >
                <div>
                  <p
                    class="font-medium"
                  >
                    Team Editor
                  </p>
                  <p
                    class="text-sm text-muted-foreground"
                  >
                    team.editor@example.com
                  </p>
                </div>
                <div
                  class="flex flex-col items-stretch gap-2 sm:flex-row sm:items-center sm:gap-3"
                >
                  <div
                    class="flex flex-col gap-1 text-left sm:text-right"
                  >
                    <label
                      class="sr-only"
                      for=":r1:"
                    >
                      Role
                    </label>
                    <select
                      aria-label="Role"
                      class="h-9 rounded-md border border-input bg-background px-2 text-sm shadow-sm focus-visible:outline-none focus-visible:ring-1 focus-visible:ring-ring disabled:cursor-not-allowed disabled:opacity-50"
                      id=":r1:"
                    >
                      <option
                        value="viewer"
                      >
                        Viewer
                      </option>
                      <option
                        value="editor"
                      >
                        Editor
                      </option>
                      <option
                        value="admin"
                      >
                        Admin
                      </option>
                    </select>
                  </div>
                  <button
                    class="inline-flex items-center justify-center whitespace-nowrap text-sm font-medium transition-colors focus-visible:outline-none focus-visible:ring-2 focus-visible:ring-ring focus-visible:ring-offset-2 disabled:pointer-events-none disabled:opacity-50 border border-input bg-background hover:bg-accent hover:text-accent-foreground h-9 rounded-md px-3"
                  >
                    Remove member
                  </button>
                </div>
              </li>
            </ul>
          </section>
          <section
            aria-label="Prompt Builders shared workspaces"
            class="space-y-3"
          >
            <h3
              class="text-sm font-semibold uppercase text-muted-foreground"
            >
              Shared workspaces
            </h3>
            <ul
              class="space-y-3"
            >
              <li
                class="rounded-md border p-3"
              >
                <p
                  class="font-medium"
                >
                  Prompt Builders HQ
                </p>
                <p
                  class="text-sm text-muted-foreground"
                >
                  Team workspace
                </p>
              </li>
            </ul>
          </section>
        </div>
      </article>
    </div>
  </section>
</DocumentFragment>
`;
